exports[`<App /> renders children 1`] = `
<div
  id="app" />
`;
